"","FJ981654.1.1204","HM046431.1.1200","KR029790.1.1200","LN611354.1.1200","KF571471.1.1207","AJ239312.1.1355","KX984117.1.1262","FJ503081.1.1238","EU156766.1.1269","KT873246.1.1201","KX792217.1.1200","AE000513.2467934.2469435","LC198619.1.1220","EU455199.1.1210","KX212247.1.1200","KX792215.1.1201","KF084610.1.1355","CVLP01000086.4757.6053","DQ801220.1.1342","EU765294.1.1363","CAQA01000070.1409.4877","CP000721.924919.926423","GFIM01005958.9.1236","DQ796136.1.1225","FJ371873.1.1224","GQ448970.1.1284","AY981913.1.1349","DQ823971.1.1252","JQ189739.1.1362","EU776908.1.1289","JQ186757.1.1359","EU762772.1.1354","DQ441256.1.1313","EU767188.1.1370","EU510027.1.1344","DQ793742.1.1312","FJ753830.1.1232","4cddfed97ed397e48febf56da534b2a7","f0a99f591da5ea357f519648de1daf71","e028a0db64a79ab1ec86a07447ad726e"
"Mock1",3749,3037,2038,1792,1818,2073,1587,1143,1495,1319,993,1595,1088,771,1408,828,581,502,206,199,0,0,51,19,16,0,0,0,7,7,5,4,0,0,2,2,2,0,0,0
"Mock2",6748,5648,3596,3369,3389,4352,2902,2711,2447,2354,1597,3079,2752,1728,2983,1622,1273,935,570,537,0,210,70,0,0,16,0,0,0,0,0,0,4,0,0,0,0,13,12,4
"Mock3",16855,10350,9814,9550,9169,6481,7034,6050,5412,3709,4762,1979,2760,3711,1184,2576,2119,1577,1105,994,718,498,13,0,0,0,9,8,0,0,0,0,0,4,0,0,0,0,0,0
